V3 3
FL /home/student1/mppatel/Downloads/Project2PingPong/PingPong.vhd 2023/11/28.11:51:21 O.87xd
EN work/PingPong 1701190314 \
      FL /home/student1/mppatel/Downloads/Project2PingPong/PingPong.vhd \
      PB ieee/std_logic_1164 1325952872 PB ieee/std_logic_arith 1325952873 \
      PB ieee/STD_LOGIC_UNSIGNED 1325952875
AR work/PingPong/Behavioral 1701190315 \
      FL /home/student1/mppatel/Downloads/Project2PingPong/PingPong.vhd \
      EN work/PingPong 1701190314
